MPLINK 5.09, LINKER
Linker Map File - Created Thu Aug 27 16:30:54 2026

                                 Section Info
                  Section       Type    Address   Location Size(Bytes)
                ---------  ---------  ---------  ---------  ---------
                   .org_0       code   0x000000    program   0x000002
                   .cinit    romdata   0x000001    program   0x000004
                   .org_1       code   0x000005    program   0x000054
.config_2007_BUILD/DEFAULT/PRODUCTION/ETAPA3.       code   0x002007    program   0x000002
.config_2008_BUILD/DEFAULT/PRODUCTION/ETAPA3.       code   0x002008    program   0x000002



                              Program Memory Usage 
                               Start         End      
                           ---------   ---------      
                            0x000000    0x000002      
                            0x000005    0x00002e      
                            0x002007    0x002008      
            47 out of 8455 program addresses used, program memory utilization is 0%



                              Symbols - Sorted by Name
                     Name    Address   Location    Storage File                     
                ---------  ---------  ---------  --------- ---------                
          BUCLE_SECUENCIA   0x00000d    program     static C:\Users\dell\MPLABXProjects\etapa3.X\etapa3.asm
                    DELAY   0x00001f    program     static C:\Users\dell\MPLABXProjects\etapa3.X\etapa3.asm
                INICIO_E3   0x000005    program     static C:\Users\dell\MPLABXProjects\etapa3.X\etapa3.asm
                 RETARDO1   0x000024    program     static C:\Users\dell\MPLABXProjects\etapa3.X\etapa3.asm
                 RETARDO2   0x000028    program     static C:\Users\dell\MPLABXProjects\etapa3.X\etapa3.asm
                 RETARDO3   0x00002c    program     static C:\Users\dell\MPLABXProjects\etapa3.X\etapa3.asm
                 ROTA_DER   0x000019    program     static C:\Users\dell\MPLABXProjects\etapa3.X\etapa3.asm
                 ROTA_IZQ   0x000012    program     static C:\Users\dell\MPLABXProjects\etapa3.X\etapa3.asm



                              Symbols - Sorted by Address
                     Name    Address   Location    Storage File                     
                ---------  ---------  ---------  --------- ---------                
                INICIO_E3   0x000005    program     static C:\Users\dell\MPLABXProjects\etapa3.X\etapa3.asm
          BUCLE_SECUENCIA   0x00000d    program     static C:\Users\dell\MPLABXProjects\etapa3.X\etapa3.asm
                 ROTA_IZQ   0x000012    program     static C:\Users\dell\MPLABXProjects\etapa3.X\etapa3.asm
                 ROTA_DER   0x000019    program     static C:\Users\dell\MPLABXProjects\etapa3.X\etapa3.asm
                    DELAY   0x00001f    program     static C:\Users\dell\MPLABXProjects\etapa3.X\etapa3.asm
                 RETARDO1   0x000024    program     static C:\Users\dell\MPLABXProjects\etapa3.X\etapa3.asm
                 RETARDO2   0x000028    program     static C:\Users\dell\MPLABXProjects\etapa3.X\etapa3.asm
                 RETARDO3   0x00002c    program     static C:\Users\dell\MPLABXProjects\etapa3.X\etapa3.asm


