MPLINK 5.09, LINKER
Linker Map File - Created Thu Aug 27 17:57:09 2026

                                 Section Info
                  Section       Type    Address   Location Size(Bytes)
                ---------  ---------  ---------  ---------  ---------
                   .org_0       code   0x000000    program   0x000002
                   .cinit    romdata   0x000001    program   0x000004
                   .org_1       code   0x000005    program   0x00003a
.config_2007_BUILD/DEFAULT/PRODUCTION/ETAPA1.       code   0x002007    program   0x000002
.config_2008_BUILD/DEFAULT/PRODUCTION/ETAPA1.       code   0x002008    program   0x000002



                              Program Memory Usage 
                               Start         End      
                           ---------   ---------      
                            0x000000    0x000002      
                            0x000005    0x000021      
                            0x002007    0x002008      
            34 out of 8455 program addresses used, program memory utilization is 0%



                              Symbols - Sorted by Name
                     Name    Address   Location    Storage File                     
                ---------  ---------  ---------  --------- ---------                
              BUCLE_BLINK   0x00000d    program     static C:\Users\dell\MPLABXProjects\etapa1.X\etapa1.asm
                    DELAY   0x000012    program     static C:\Users\dell\MPLABXProjects\etapa1.X\etapa1.asm
                 RETARDO1   0x000017    program     static C:\Users\dell\MPLABXProjects\etapa1.X\etapa1.asm
                 RETARDO2   0x00001b    program     static C:\Users\dell\MPLABXProjects\etapa1.X\etapa1.asm
                 RETARDO3   0x00001f    program     static C:\Users\dell\MPLABXProjects\etapa1.X\etapa1.asm
                  _INICIO   0x000005    program     static C:\Users\dell\MPLABXProjects\etapa1.X\etapa1.asm



                              Symbols - Sorted by Address
                     Name    Address   Location    Storage File                     
                ---------  ---------  ---------  --------- ---------                
                  _INICIO   0x000005    program     static C:\Users\dell\MPLABXProjects\etapa1.X\etapa1.asm
              BUCLE_BLINK   0x00000d    program     static C:\Users\dell\MPLABXProjects\etapa1.X\etapa1.asm
                    DELAY   0x000012    program     static C:\Users\dell\MPLABXProjects\etapa1.X\etapa1.asm
                 RETARDO1   0x000017    program     static C:\Users\dell\MPLABXProjects\etapa1.X\etapa1.asm
                 RETARDO2   0x00001b    program     static C:\Users\dell\MPLABXProjects\etapa1.X\etapa1.asm
                 RETARDO3   0x00001f    program     static C:\Users\dell\MPLABXProjects\etapa1.X\etapa1.asm


