MPLINK 5.09, LINKER
Linker Map File - Created Thu Aug 27 16:32:36 2026

                                 Section Info
                  Section       Type    Address   Location Size(Bytes)
                ---------  ---------  ---------  ---------  ---------
                   .org_0       code   0x000000    program   0x000002
                   .cinit    romdata   0x000001    program   0x000004
                   .org_1       code   0x000005    program   0x00003c
.config_2007_BUILD/DEFAULT/PRODUCTION/ETAPA2.       code   0x002007    program   0x000002
.config_2008_BUILD/DEFAULT/PRODUCTION/ETAPA2.       code   0x002008    program   0x000002



                              Program Memory Usage 
                               Start         End      
                           ---------   ---------      
                            0x000000    0x000002      
                            0x000005    0x000022      
                            0x002007    0x002008      
            35 out of 8455 program addresses used, program memory utilization is 0%



                              Symbols - Sorted by Name
                     Name    Address   Location    Storage File                     
                ---------  ---------  ---------  --------- ---------                
           BUCLE_CONTADOR   0x00000e    program     static C:\Users\dell\MPLABXProjects\etapa2a.X\etapa2.asm
                    DELAY   0x000013    program     static C:\Users\dell\MPLABXProjects\etapa2a.X\etapa2.asm
                INICIO_E2   0x000005    program     static C:\Users\dell\MPLABXProjects\etapa2a.X\etapa2.asm
                 RETARDO1   0x000018    program     static C:\Users\dell\MPLABXProjects\etapa2a.X\etapa2.asm
                 RETARDO2   0x00001c    program     static C:\Users\dell\MPLABXProjects\etapa2a.X\etapa2.asm
                 RETARDO3   0x000020    program     static C:\Users\dell\MPLABXProjects\etapa2a.X\etapa2.asm



                              Symbols - Sorted by Address
                     Name    Address   Location    Storage File                     
                ---------  ---------  ---------  --------- ---------                
                INICIO_E2   0x000005    program     static C:\Users\dell\MPLABXProjects\etapa2a.X\etapa2.asm
           BUCLE_CONTADOR   0x00000e    program     static C:\Users\dell\MPLABXProjects\etapa2a.X\etapa2.asm
                    DELAY   0x000013    program     static C:\Users\dell\MPLABXProjects\etapa2a.X\etapa2.asm
                 RETARDO1   0x000018    program     static C:\Users\dell\MPLABXProjects\etapa2a.X\etapa2.asm
                 RETARDO2   0x00001c    program     static C:\Users\dell\MPLABXProjects\etapa2a.X\etapa2.asm
                 RETARDO3   0x000020    program     static C:\Users\dell\MPLABXProjects\etapa2a.X\etapa2.asm


